[2026-08-07T05:09:47.474055Z] server.log RECV: HELLO
{
  "name": "ace1",
  "seq_num": 0,
  "type": "HELLO"
}
[2026-08-07T05:09:47.586150Z] server.log SEND: GAME_STATE_UPDATE
{
  "seq_num": 1,
  "state": {
    "phase": "LOBBY",
    "players": 1,
    "players_ready": 0,
    "waiting_for": [
      "ace1"
    ]
  },
  "type": "GAME_STATE_UPDATE"
}
[2026-08-07T05:09:47.742168Z] server.log SEND: HELLO
{
  "player_id": "ace1",
  "seq_num": 2,
  "type": "HELLO"
}
[2026-08-07T05:09:47.898162Z] server.log SEND: WELCOME
{
  "message": "Welcome to MTGNP",
  "seq_num": 3,
  "type": "WELCOME"
}
[2026-08-07T05:09:51.708555Z] server.log RECV: PLAYER_READY
{
  "decklist": [
    "forest_001",
    "mountain_001",
    "plains_001",
    "island_001",
    "lightning_bolt_001",
    "lava_spike_001",
    "searing_spear_001",
    "skullcrack_001",
    "rift_bolt_001"
  ],
  "player_id": "ace1",
  "seq_num": 1,
  "type": "PLAYER_READY"
}
[2026-08-07T05:09:51.836638Z] server.log SEND: GAME_STATE_UPDATE
{
  "seq_num": 4,
  "state": {
    "phase": "LOBBY",
    "players": 1,
    "players_ready": 1,
    "waiting_for": []
  },
  "type": "GAME_STATE_UPDATE"
}
[2026-08-07T05:09:51.964594Z] server.log SEND: PLAYER_READY_ACK
{
  "seq_num": 5,
  "type": "PLAYER_READY_ACK"
}
[2026-08-07T05:09:59.962474Z] server.log RECV: HELLO
{
  "name": "ace2",
  "seq_num": 0,
  "type": "HELLO"
}
[2026-08-07T05:10:00.072576Z] server.log SEND: GAME_STATE_UPDATE
{
  "seq_num": 6,
  "state": {
    "phase": "LOBBY",
    "players": 2,
    "players_ready": 1,
    "waiting_for": [
      "ace2"
    ]
  },
  "type": "GAME_STATE_UPDATE"
}
[2026-08-07T05:10:00.212534Z] server.log SEND: GAME_STATE_UPDATE
{
  "seq_num": 1,
  "state": {
    "phase": "LOBBY",
    "players": 2,
    "players_ready": 1,
    "waiting_for": [
      "ace2"
    ]
  },
  "type": "GAME_STATE_UPDATE"
}
[2026-08-07T05:10:00.388584Z] server.log SEND: HELLO
{
  "player_id": "ace2",
  "seq_num": 2,
  "type": "HELLO"
}
[2026-08-07T05:10:00.532632Z] server.log SEND: WELCOME
{
  "message": "Welcome to MTGNP",
  "seq_num": 3,
  "type": "WELCOME"
}
[2026-08-07T05:10:06.491460Z] server.log RECV: PLAYER_READY
{
  "decklist": [
    "mountain_001",
    "fakeCard_001"
  ],
  "player_id": "ace2",
  "seq_num": 1,
  "type": "PLAYER_READY"
}
[2026-08-07T05:10:06.635554Z] server.log SEND: ERROR
{
  "code": 400,
  "message": "ILLEGAL_DECK",
  "seq_num": 4,
  "type": "ERROR"
}
[2026-08-07T05:10:07.879813Z] server.log RECV: PLAYER_READY
{
  "decklist": [
    "mountain_001",
    "fakeCard_001"
  ],
  "player_id": "ace2",
  "seq_num": 2,
  "type": "PLAYER_READY"
}
[2026-08-07T05:10:08.037910Z] server.log SEND: ERROR
{
  "code": 400,
  "message": "ILLEGAL_DECK",
  "seq_num": 5,
  "type": "ERROR"
}
[2026-08-07T05:10:11.584163Z] server.log RECV: PLAYER_READY
{
  "decklist": [
    "forest_001",
    "mountain_001",
    "plains_001",
    "island_001",
    "lightning_bolt_001",
    "lava_spike_001",
    "searing_spear_001",
    "skullcrack_001",
    "rift_bolt_001"
  ],
  "player_id": "ace2",
  "seq_num": 3,
  "type": "PLAYER_READY"
}
[2026-08-07T05:10:11.728271Z] server.log SEND: GAME_STATE_UPDATE
{
  "seq_num": 7,
  "state": {
    "phase": "LOBBY",
    "players": 2,
    "players_ready": 2,
    "waiting_for": []
  },
  "type": "GAME_STATE_UPDATE"
}
[2026-08-07T05:10:12.016286Z] server.log SEND: GAME_STATE_UPDATE
{
  "seq_num": 6,
  "state": {
    "phase": "LOBBY",
    "players": 2,
    "players_ready": 2,
    "waiting_for": []
  },
  "type": "GAME_STATE_UPDATE"
}
[2026-08-07T05:10:12.016361Z] server.log SEND: START_GAME
{
  "seq_num": 7,
  "type": "START_GAME"
}
[2026-08-07T05:10:12.236317Z] server.log SEND: PLAYER_READY_ACK
{
  "seq_num": 8,
  "type": "PLAYER_READY_ACK"
}
[2026-08-07T05:10:12.268375Z] server.log SEND: GAME_STATE_UPDATE
{
  "seq_num": 9,
  "state": {
    "active_player": "ace2",
    "battlefield": {
      "ace1": [],
      "ace2": []
    },
    "graveyard": {
      "ace1": [],
      "ace2": []
    },
    "hand": [
      "rift_bolt_001",
      "island_001",
      "searing_spear_001",
      "plains_001",
      "lava_spike_001",
      "skullcrack_001",
      "mountain_001"
    ],
    "hand_counts": {
      "ace2": 7
    },
    "library_counts": {
      "ace1": 2,
      "ace2": 2
    },
    "life_totals": {
      "ace1": 20,
      "ace2": 20
    },
    "phase": "MULLIGAN",
    "stack": [],
    "turn": 0
  },
  "type": "GAME_STATE_UPDATE"
}
[2026-08-07T05:10:12.472486Z] server.log RECV: PLAYER_READY
{
  "decklist": [
    "forest_001",
    "mountain_001",
    "plains_001",
    "island_001",
    "lightning_bolt_001",
    "lava_spike_001",
    "searing_spear_001",
    "skullcrack_001",
    "rift_bolt_001"
  ],
  "player_id": "ace2",
  "seq_num": 4,
  "type": "PLAYER_READY"
}
[2026-08-07T05:10:12.472404Z] server.log SEND: GAME_STATE_UPDATE
{
  "seq_num": 9,
  "state": {
    "active_player": "ace2",
    "battlefield": {
      "ace1": [],
      "ace2": []
    },
    "graveyard": {
      "ace1": [],
      "ace2": []
    },
    "hand": [
      "rift_bolt_001",
      "lightning_bolt_001",
      "forest_001",
      "skullcrack_001",
      "searing_spear_001",
      "island_001",
      "mountain_001"
    ],
    "hand_counts": {
      "ace1": 7
    },
    "library_counts": {
      "ace1": 2,
      "ace2": 2
    },
    "life_totals": {
      "ace1": 20,
      "ace2": 20
    },
    "phase": "MULLIGAN",
    "stack": [],
    "turn": 0
  },
  "type": "GAME_STATE_UPDATE"
}
[2026-08-07T05:10:12.724447Z] server.log SEND: ERROR
{
  "code": 400,
  "message": "Cannot set ready outside LOBBY state.",
  "seq_num": 10,
  "type": "ERROR"
}
